Archive member included because of file (symbol)

d:/programy/winavr-20100110/bin/../lib/gcc/avr/4.3.3/avr5\libgcc.a(_divmodhi4.o)
                              ./main.o (__divmodhi4)
d:/programy/winavr-20100110/bin/../lib/gcc/avr/4.3.3/avr5\libgcc.a(_exit.o)
                              d:/programy/winavr-20100110/bin/../lib/gcc/avr/4.3.3/../../../../avr/lib/avr5/crtm328p.o (exit)
d:/programy/winavr-20100110/bin/../lib/gcc/avr/4.3.3/avr5\libgcc.a(_copy_data.o)
                              ./Ethernet/ip_arp_udp_tcp.o (__do_copy_data)
d:/programy/winavr-20100110/bin/../lib/gcc/avr/4.3.3/avr5\libgcc.a(_clear_bss.o)
                              ./Ethernet/enc28j60.o (__do_clear_bss)
d:/programy/winavr-20100110/bin/../lib/gcc/avr/4.3.3/avr5\libgcc.a(_udivmodhi4.o)
                              d:/programy/winavr-20100110/bin/../lib/gcc/avr/4.3.3/avr5\libgcc.a(_divmodhi4.o) (__udivmodhi4)
d:/programy/winavr-20100110/bin/../lib/gcc/avr/4.3.3/../../../../avr/lib/avr5\libc.a(strncmp.o)
                              ./Ethernet/ip_arp_udp_tcp.o (strncmp)
d:/programy/winavr-20100110/bin/../lib/gcc/avr/4.3.3/../../../../avr/lib/avr5\libc.a(strrev.o)
                              ./main.o (strrev)
d:/programy/winavr-20100110/bin/../lib/gcc/avr/4.3.3/../../../../avr/lib/avr5\libc.a(itoa.o)
                              ./Ethernet/ip_arp_udp_tcp.o (itoa)
d:/programy/winavr-20100110/bin/../lib/gcc/avr/4.3.3/../../../../avr/lib/avr5\libc.a(eerd_byte_atmega328p.o)
                              ./lcd44780.o (__eerd_byte_m328p)

Allocating common symbols
Common symbol       size              file

tB                  0x1               ./main.o
bufor2              0x3               ./main.o
temp                0x4               ./main.o
znak                0x1               ./main.o
bufor1              0x4               ./main.o
tA                  0x1               ./main.o
czujniki_cnt        0x1               ./main.o
gSensorIDs          0x8               ./1Wire/ds18x20.o

Memory Configuration

Name             Origin             Length             Attributes
text             0x00000000         0x00020000         xr
data             0x00800060         0x0000ffa0         rw !x
eeprom           0x00810000         0x00010000         rw !x
fuse             0x00820000         0x00000400         rw !x
lock             0x00830000         0x00000400         rw !x
signature        0x00840000         0x00000400         rw !x
*default*        0x00000000         0xffffffff

Linker script and memory map

Address of section .data set to 0x800100
LOAD d:/programy/winavr-20100110/bin/../lib/gcc/avr/4.3.3/../../../../avr/lib/avr5/crtm328p.o
LOAD ./Ethernet/enc28j60.o
LOAD ./Ethernet/ip_arp_udp_tcp.o
LOAD ./1Wire/crc8.o
LOAD ./1Wire/ds18x20.o
LOAD ./1Wire/onewire.o
LOAD ./lcd44780.o
LOAD ./main.o
LOAD d:/programy/winavr-20100110/bin/../lib/gcc/avr/4.3.3/avr5\libgcc.a
LOAD d:/programy/winavr-20100110/bin/../lib/gcc/avr/4.3.3/../../../../avr/lib/avr5\libc.a
LOAD d:/programy/winavr-20100110/bin/../lib/gcc/avr/4.3.3/avr5\libgcc.a

.hash
 *(.hash)

.dynsym
 *(.dynsym)

.dynstr
 *(.dynstr)

.gnu.version
 *(.gnu.version)

.gnu.version_d
 *(.gnu.version_d)

.gnu.version_r
 *(.gnu.version_r)

.rel.init
 *(.rel.init)

.rela.init
 *(.rela.init)

.rel.text
 *(.rel.text)
 *(.rel.text.*)
 *(.rel.gnu.linkonce.t*)

.rela.text
 *(.rela.text)
 *(.rela.text.*)
 *(.rela.gnu.linkonce.t*)

.rel.fini
 *(.rel.fini)

.rela.fini
 *(.rela.fini)

.rel.rodata
 *(.rel.rodata)
 *(.rel.rodata.*)
 *(.rel.gnu.linkonce.r*)

.rela.rodata
 *(.rela.rodata)
 *(.rela.rodata.*)
 *(.rela.gnu.linkonce.r*)

.rel.data
 *(.rel.data)
 *(.rel.data.*)
 *(.rel.gnu.linkonce.d*)

.rela.data
 *(.rela.data)
 *(.rela.data.*)
 *(.rela.gnu.linkonce.d*)

.rel.ctors
 *(.rel.ctors)

.rela.ctors
 *(.rela.ctors)

.rel.dtors
 *(.rel.dtors)

.rela.dtors
 *(.rela.dtors)

.rel.got
 *(.rel.got)

.rela.got
 *(.rela.got)

.rel.bss
 *(.rel.bss)

.rela.bss
 *(.rela.bss)

.rel.plt
 *(.rel.plt)

.rela.plt
 *(.rela.plt)

.text           0x00000000     0x24be
 *(.vectors)
 .vectors       0x00000000       0x68 d:/programy/winavr-20100110/bin/../lib/gcc/avr/4.3.3/../../../../avr/lib/avr5/crtm328p.o
                0x00000000                __vectors
                0x00000000                __vector_default
 *(.vectors)
 *(.progmem.gcc*)
 *(.progmem*)
 .progmem.data  0x00000068      0x102 ./Ethernet/ip_arp_udp_tcp.o
                0x00000070                iphdr
                0x00000068                arpreqhdr
 .progmem.data  0x0000016a       0xdd ./main.o
                0x00000248                . = ALIGN (0x2)
 *fill*         0x00000247        0x1 00
                0x00000248                __trampolines_start = .
 *(.trampolines)
 .trampolines   0x00000248        0x0 linker stubs
 *(.trampolines*)
                0x00000248                __trampolines_end = .
 *(.jumptables)
 *(.jumptables*)
 *(.lowtext)
 *(.lowtext*)
                0x00000248                __ctors_start = .
 *(.ctors)
                0x00000248                __ctors_end = .
                0x00000248                __dtors_start = .
 *(.dtors)
                0x00000248                __dtors_end = .
 SORT(*)(.ctors)
 SORT(*)(.dtors)
 *(.init0)
 .init0         0x00000248        0x0 d:/programy/winavr-20100110/bin/../lib/gcc/avr/4.3.3/../../../../avr/lib/avr5/crtm328p.o
                0x00000248                __init
 *(.init0)
 *(.init1)
 *(.init1)
 *(.init2)
 .init2         0x00000248        0xc d:/programy/winavr-20100110/bin/../lib/gcc/avr/4.3.3/../../../../avr/lib/avr5/crtm328p.o
 *(.init2)
 *(.init3)
 *(.init3)
 *(.init4)
 .init4         0x00000254       0x16 d:/programy/winavr-20100110/bin/../lib/gcc/avr/4.3.3/avr5\libgcc.a(_copy_data.o)
                0x00000254                __do_copy_data
 .init4         0x0000026a       0x10 d:/programy/winavr-20100110/bin/../lib/gcc/avr/4.3.3/avr5\libgcc.a(_clear_bss.o)
                0x0000026a                __do_clear_bss
 *(.init4)
 *(.init5)
 *(.init5)
 *(.init6)
 *(.init6)
 *(.init7)
 *(.init7)
 *(.init8)
 *(.init8)
 *(.init9)
 .init9         0x0000027a        0x8 d:/programy/winavr-20100110/bin/../lib/gcc/avr/4.3.3/../../../../avr/lib/avr5/crtm328p.o
 *(.init9)
 *(.text)
 .text          0x00000282        0x4 d:/programy/winavr-20100110/bin/../lib/gcc/avr/4.3.3/../../../../avr/lib/avr5/crtm328p.o
                0x00000282                __vector_22
                0x00000282                __vector_1
                0x00000282                __vector_24
                0x00000282                __vector_12
                0x00000282                __bad_interrupt
                0x00000282                __vector_6
                0x00000282                __vector_3
                0x00000282                __vector_23
                0x00000282                __vector_25
                0x00000282                __vector_11
                0x00000282                __vector_13
                0x00000282                __vector_17
                0x00000282                __vector_19
                0x00000282                __vector_7
                0x00000282                __vector_5
                0x00000282                __vector_4
                0x00000282                __vector_9
                0x00000282                __vector_2
                0x00000282                __vector_21
                0x00000282                __vector_15
                0x00000282                __vector_8
                0x00000282                __vector_14
                0x00000282                __vector_10
                0x00000282                __vector_16
                0x00000282                __vector_18
                0x00000282                __vector_20
 .text          0x00000286      0x4be ./Ethernet/enc28j60.o
                0x000002ca                enc28j60ReadBuffer
                0x0000032c                enc28j60SetBank
                0x00000412                enc28j60Init
                0x000002b0                enc28j60WriteOp
                0x000003a4                enc28j60PhyReadH
                0x00000374                enc28j60Read
                0x00000300                enc28j60WriteBuffer
                0x000003d6                enc28j60PhyWrite
                0x0000056c                enc28j60getrev
                0x0000061c                enc28j60PacketReceive
                0x00000610                enc28j60hasRxPkt
                0x00000286                enc28j60ReadOp
                0x0000057a                enc28j60linkup
                0x00000388                enc28j60Write
                0x0000058c                enc28j60PacketSend
 .text          0x00000744     0x1170 ./Ethernet/ip_arp_udp_tcp.o
                0x0000083a                init_ip_arp_udp_tcp
                0x00000b5a                client_waiting_gw
                0x00001482                make_udp_reply_from_request
                0x00000db2                www_client_internal_datafill_callback
                0x0000126e                send_udp_transmit
                0x00000c38                client_browse_url
                0x0000088a                check_ip_message_is_from
                0x00000a26                fill_tcp_data_p
                0x00001408                make_tcp_synack_from_syn
                0x00000c02                client_tcp_req
                0x000008ee                eth_type_is_ip_and_my_ip
                0x00000cc8                www_client_internal_result_callback
                0x00000948                fill_ip_hdr_checksum
                0x00001318                make_tcp_ack_with_data_noflags
                0x00000b66                client_store_gw_mac
                0x00000a72                fill_tcp_data_len
                0x00000cbe                register_ping_rec_callback
                0x00000bb8                client_set_gwip
                0x000008b6                eth_type_is_arp_and_my_ip
                0x000012b8                send_udp
                0x000013d6                www_server_reply
                0x00000c72                client_http_post
                0x00000976                make_ip
                0x00000a4c                fill_tcp_data_p2
                0x000010ca                client_syn
                0x00001516                make_echo_reply_from_request
                0x000011ce                client_arp_whohas
                0x00000d70                fill_tcp_data
                0x00000998                step_seq
                0x000009c2                make_tcphead
                0x00000ba8                client_gw_arp_refresh
                0x0000092e                make_eth
                0x00001552                make_arp_answer_from_request
                0x00000744                checksum
                0x00000ab0                send_udp_prepare
                0x00001368                make_tcp_ack_from_any
                0x00000be0                client_tcp_set_serverip
                0x00000a98                fill_buf_p
                0x000015a2                packetloop_icmp_tcp
                0x000009f0                get_tcp_data_len
 .text          0x000018b4       0x40 ./1Wire/crc8.o
                0x000018b4                crc8
 .text          0x000018f4      0x3ae ./1Wire/ds18x20.o
                0x00001ac6                DS18X20_read_meas
                0x00001a18                DS18X20_read_meas_single
                0x00001b7c                DS18X20_start_meas
                0x00001bb0                DS18X20_get_power_status
                0x000019e6                DS18X20_temp_cmp
                0x000018f4                DS18X20_meas_to_cel
                0x00001bda                DS18X20_find_sensor
                0x00001c0e                search_sensors
 .text          0x00001ca2      0x166 ./1Wire/onewire.o
                0x00001dca                ow_command
                0x00001cb4                ow_reset
                0x00001ca2                ow_input_pin_state
                0x00001d2a                ow_byte_rd
                0x00001d32                ow_rom_search
                0x00001cae                ow_parasite_disable
                0x00001ca8                ow_parasite_enable
                0x00001d08                ow_byte_wr
                0x00001ce2                ow_bit_io
 .text          0x00001e08      0x2cc ./lcd44780.o
                0x00001fa2                lcd_cls
                0x00001e80                _lcd_write_byte
                0x00001f92                lcd_locate
                0x00001ec0                lcd_char
                0x00001f52                lcd_defchar_P
                0x00001e78                check_BF
                0x00002030                lcd_defchar_E
                0x00001ed2                lcd_str
                0x00001eb0                lcd_write_cmd
                0x00002070                lcd_str_E
                0x00001f22                lcd_defchar
                0x00001ef6                lcd_str_P
                0x00001faa                lcd_init
                0x0000209c                lcd_int
                0x00001eb8                lcd_write_data
                0x00001e50                _lcd_read_byte
 .text          0x000020d4      0x30a ./main.o
                0x0000216e                wyswietl
                0x000021b2                http200ok
                0x000021c4                print_webpage
                0x000020d4                int_to_str
                0x00002278                main
 .text          0x000023de        0x0 d:/programy/winavr-20100110/bin/../lib/gcc/avr/4.3.3/avr5\libgcc.a(_divmodhi4.o)
 .text          0x000023de        0x0 d:/programy/winavr-20100110/bin/../lib/gcc/avr/4.3.3/avr5\libgcc.a(_exit.o)
 .text          0x000023de        0x0 d:/programy/winavr-20100110/bin/../lib/gcc/avr/4.3.3/avr5\libgcc.a(_copy_data.o)
 .text          0x000023de        0x0 d:/programy/winavr-20100110/bin/../lib/gcc/avr/4.3.3/avr5\libgcc.a(_clear_bss.o)
 .text          0x000023de        0x0 d:/programy/winavr-20100110/bin/../lib/gcc/avr/4.3.3/avr5\libgcc.a(_udivmodhi4.o)
 .text          0x000023de        0x0 d:/programy/winavr-20100110/bin/../lib/gcc/avr/4.3.3/../../../../avr/lib/avr5\libc.a(strncmp.o)
 .text          0x000023de        0x0 d:/programy/winavr-20100110/bin/../lib/gcc/avr/4.3.3/../../../../avr/lib/avr5\libc.a(strrev.o)
 .text          0x000023de        0x0 d:/programy/winavr-20100110/bin/../lib/gcc/avr/4.3.3/../../../../avr/lib/avr5\libc.a(itoa.o)
 .text          0x000023de        0x0 d:/programy/winavr-20100110/bin/../lib/gcc/avr/4.3.3/../../../../avr/lib/avr5\libc.a(eerd_byte_atmega328p.o)
                0x000023de                . = ALIGN (0x2)
 *(.text.*)
 .text.libgcc   0x000023de       0x26 d:/programy/winavr-20100110/bin/../lib/gcc/avr/4.3.3/avr5\libgcc.a(_divmodhi4.o)
                0x000023de                __divmodhi4
                0x000023de                _div
 .text.libgcc   0x00002404        0x0 d:/programy/winavr-20100110/bin/../lib/gcc/avr/4.3.3/avr5\libgcc.a(_exit.o)
 .text.libgcc   0x00002404        0x0 d:/programy/winavr-20100110/bin/../lib/gcc/avr/4.3.3/avr5\libgcc.a(_copy_data.o)
 .text.libgcc   0x00002404        0x0 d:/programy/winavr-20100110/bin/../lib/gcc/avr/4.3.3/avr5\libgcc.a(_clear_bss.o)
 .text.libgcc   0x00002404       0x28 d:/programy/winavr-20100110/bin/../lib/gcc/avr/4.3.3/avr5\libgcc.a(_udivmodhi4.o)
                0x00002404                __udivmodhi4
 .text.avr-libc
                0x0000242c       0x1c d:/programy/winavr-20100110/bin/../lib/gcc/avr/4.3.3/../../../../avr/lib/avr5\libc.a(strncmp.o)
                0x0000242c                strncmp
 .text.avr-libc
                0x00002448       0x20 d:/programy/winavr-20100110/bin/../lib/gcc/avr/4.3.3/../../../../avr/lib/avr5\libc.a(strrev.o)
                0x00002448                strrev
 .text.avr-libc
                0x00002468       0x42 d:/programy/winavr-20100110/bin/../lib/gcc/avr/4.3.3/../../../../avr/lib/avr5\libc.a(itoa.o)
                0x00002468                itoa
 .text.avr-libc
                0x000024aa       0x10 d:/programy/winavr-20100110/bin/../lib/gcc/avr/4.3.3/../../../../avr/lib/avr5\libc.a(eerd_byte_atmega328p.o)
                0x000024aa                __eerd_byte_m328p
                0x000024ba                . = ALIGN (0x2)
 *(.fini9)
 .fini9         0x000024ba        0x0 d:/programy/winavr-20100110/bin/../lib/gcc/avr/4.3.3/avr5\libgcc.a(_exit.o)
                0x000024ba                exit
                0x000024ba                _exit
 *(.fini9)
 *(.fini8)
 *(.fini8)
 *(.fini7)
 *(.fini7)
 *(.fini6)
 *(.fini6)
 *(.fini5)
 *(.fini5)
 *(.fini4)
 *(.fini4)
 *(.fini3)
 *(.fini3)
 *(.fini2)
 *(.fini2)
 *(.fini1)
 *(.fini1)
 *(.fini0)
 .fini0         0x000024ba        0x4 d:/programy/winavr-20100110/bin/../lib/gcc/avr/4.3.3/avr5\libgcc.a(_exit.o)
 *(.fini0)
                0x000024be                _etext = .

.data           0x00800100       0x42 load address 0x000024be
                0x00800100                PROVIDE (__data_start, .)
 *(.data)
 .data          0x00800100        0x0 d:/programy/winavr-20100110/bin/../lib/gcc/avr/4.3.3/../../../../avr/lib/avr5/crtm328p.o
 .data          0x00800100        0x0 ./Ethernet/enc28j60.o
 .data          0x00800100        0x9 ./Ethernet/ip_arp_udp_tcp.o
 .data          0x00800109        0x0 ./1Wire/crc8.o
 .data          0x00800109       0x10 ./1Wire/ds18x20.o
 .data          0x00800119        0x0 ./1Wire/onewire.o
 .data          0x00800119        0x0 ./lcd44780.o
 .data          0x00800119       0x29 ./main.o
 .data          0x00800142        0x0 d:/programy/winavr-20100110/bin/../lib/gcc/avr/4.3.3/avr5\libgcc.a(_divmodhi4.o)
 .data          0x00800142        0x0 d:/programy/winavr-20100110/bin/../lib/gcc/avr/4.3.3/avr5\libgcc.a(_exit.o)
 .data          0x00800142        0x0 d:/programy/winavr-20100110/bin/../lib/gcc/avr/4.3.3/avr5\libgcc.a(_copy_data.o)
 .data          0x00800142        0x0 d:/programy/winavr-20100110/bin/../lib/gcc/avr/4.3.3/avr5\libgcc.a(_clear_bss.o)
 .data          0x00800142        0x0 d:/programy/winavr-20100110/bin/../lib/gcc/avr/4.3.3/avr5\libgcc.a(_udivmodhi4.o)
 .data          0x00800142        0x0 d:/programy/winavr-20100110/bin/../lib/gcc/avr/4.3.3/../../../../avr/lib/avr5\libc.a(strncmp.o)
 .data          0x00800142        0x0 d:/programy/winavr-20100110/bin/../lib/gcc/avr/4.3.3/../../../../avr/lib/avr5\libc.a(strrev.o)
 .data          0x00800142        0x0 d:/programy/winavr-20100110/bin/../lib/gcc/avr/4.3.3/../../../../avr/lib/avr5\libc.a(itoa.o)
 .data          0x00800142        0x0 d:/programy/winavr-20100110/bin/../lib/gcc/avr/4.3.3/../../../../avr/lib/avr5\libc.a(eerd_byte_atmega328p.o)
 *(.data*)
 *(.rodata)
 *(.rodata*)
 *(.gnu.linkonce.d*)
                0x00800142                . = ALIGN (0x2)
                0x00800142                _edata = .
                0x00800142                PROVIDE (__data_end, .)

.bss            0x00800142      0x3a3
                0x00800142                PROVIDE (__bss_start, .)
 *(.bss)
 .bss           0x00800142        0x0 d:/programy/winavr-20100110/bin/../lib/gcc/avr/4.3.3/../../../../avr/lib/avr5/crtm328p.o
 .bss           0x00800142        0x3 ./Ethernet/enc28j60.o
 .bss           0x00800145       0x36 ./Ethernet/ip_arp_udp_tcp.o
 .bss           0x0080017b        0x0 ./1Wire/crc8.o
 .bss           0x0080017b        0x0 ./1Wire/ds18x20.o
 .bss           0x0080017b        0x0 ./1Wire/onewire.o
 .bss           0x0080017b        0x0 ./lcd44780.o
 .bss           0x0080017b      0x353 ./main.o
 .bss           0x008004ce        0x0 d:/programy/winavr-20100110/bin/../lib/gcc/avr/4.3.3/avr5\libgcc.a(_divmodhi4.o)
 .bss           0x008004ce        0x0 d:/programy/winavr-20100110/bin/../lib/gcc/avr/4.3.3/avr5\libgcc.a(_exit.o)
 .bss           0x008004ce        0x0 d:/programy/winavr-20100110/bin/../lib/gcc/avr/4.3.3/avr5\libgcc.a(_copy_data.o)
 .bss           0x008004ce        0x0 d:/programy/winavr-20100110/bin/../lib/gcc/avr/4.3.3/avr5\libgcc.a(_clear_bss.o)
 .bss           0x008004ce        0x0 d:/programy/winavr-20100110/bin/../lib/gcc/avr/4.3.3/avr5\libgcc.a(_udivmodhi4.o)
 .bss           0x008004ce        0x0 d:/programy/winavr-20100110/bin/../lib/gcc/avr/4.3.3/../../../../avr/lib/avr5\libc.a(strncmp.o)
 .bss           0x008004ce        0x0 d:/programy/winavr-20100110/bin/../lib/gcc/avr/4.3.3/../../../../avr/lib/avr5\libc.a(strrev.o)
 .bss           0x008004ce        0x0 d:/programy/winavr-20100110/bin/../lib/gcc/avr/4.3.3/../../../../avr/lib/avr5\libc.a(itoa.o)
 .bss           0x008004ce        0x0 d:/programy/winavr-20100110/bin/../lib/gcc/avr/4.3.3/../../../../avr/lib/avr5\libc.a(eerd_byte_atmega328p.o)
 *(.bss*)
 *(COMMON)
 COMMON         0x008004ce        0x8 ./1Wire/ds18x20.o
                0x008004ce                gSensorIDs
 COMMON         0x008004d6        0xf ./main.o
                0x008004d6                tB
                0x008004d7                bufor2
                0x008004da                temp
                0x008004de                znak
                0x008004df                bufor1
                0x008004e3                tA
                0x008004e4                czujniki_cnt
                0x008004e5                PROVIDE (__bss_end, .)
                0x000024be                __data_load_start = LOADADDR (.data)
                0x00002500                __data_load_end = (__data_load_start + SIZEOF (.data))

.noinit         0x008004e5        0x0
                0x008004e5                PROVIDE (__noinit_start, .)
 *(.noinit*)
                0x008004e5                PROVIDE (__noinit_end, .)
                0x008004e5                _end = .
                0x008004e5                PROVIDE (__heap_start, .)

.eeprom         0x00810000        0x0
 *(.eeprom*)
                0x00810000                __eeprom_end = .

.fuse
 *(.fuse)
 *(.lfuse)
 *(.hfuse)
 *(.efuse)

.lock
 *(.lock*)

.signature
 *(.signature*)

.stab
 *(.stab)

.stabstr
 *(.stabstr)

.stab.excl
 *(.stab.excl)

.stab.exclstr
 *(.stab.exclstr)

.stab.index
 *(.stab.index)

.stab.indexstr
 *(.stab.indexstr)

.comment
 *(.comment)

.debug
 *(.debug)

.line
 *(.line)

.debug_srcinfo
 *(.debug_srcinfo)

.debug_sfnames
 *(.debug_sfnames)

.debug_aranges
 *(.debug_aranges)

.debug_pubnames
 *(.debug_pubnames)

.debug_info
 *(.debug_info)
 *(.gnu.linkonce.wi.*)

.debug_abbrev
 *(.debug_abbrev)

.debug_line
 *(.debug_line)

.debug_frame
 *(.debug_frame)

.debug_str
 *(.debug_str)

.debug_loc
 *(.debug_loc)

.debug_macinfo
 *(.debug_macinfo)
OUTPUT(Ethernet.elf elf32-avr)
LOAD linker stubs
